
> fom-api@0.0.1 test-unit
> set LOG_LEVEL=warn && jest --coverage --testPathIgnorePatterns='e2e'

ts-jest[ts-jest-transformer] (WARN) Define `ts-jest` config under `globals` is deprecated. Please do
transform: {
    <transform_regex>: ['ts-jest', { /* ts-jest config goes here in Jest */ }],
},
See more at https://kulshekhar.github.io/ts-jest/docs/getting-started/presets#advanced
ts-jest[ts-jest-transformer] (WARN) Define `ts-jest` config under `globals` is deprecated. Please do
transform: {
    <transform_regex>: ['ts-jest', { /* ts-jest config goes here in Jest */ }],
},
See more at https://kulshekhar.github.io/ts-jest/docs/getting-started/presets#advanced
ts-jest[ts-jest-transformer] (WARN) Define `ts-jest` config under `globals` is deprecated. Please do
transform: {
    <transform_regex>: ['ts-jest', { /* ts-jest config goes here in Jest */ }],
},
See more at https://kulshekhar.github.io/ts-jest/docs/getting-started/presets#advanced
ts-jest[ts-jest-transformer] (WARN) Define `ts-jest` config under `globals` is deprecated. Please do
transform: {
    <transform_regex>: ['ts-jest', { /* ts-jest config goes here in Jest */ }],
},
See more at https://kulshekhar.github.io/ts-jest/docs/getting-started/presets#advanced
ts-jest[ts-jest-transformer] (WARN) Define `ts-jest` config under `globals` is deprecated. Please do
transform: {
    <transform_regex>: ['ts-jest', { /* ts-jest config goes here in Jest */ }],
},
See more at https://kulshekhar.github.io/ts-jest/docs/getting-started/presets#advanced
ts-jest[ts-jest-transformer] (WARN) Define `ts-jest` config under `globals` is deprecated. Please do
transform: {
    <transform_regex>: ['ts-jest', { /* ts-jest config goes here in Jest */ }],
},
See more at https://kulshekhar.github.io/ts-jest/docs/getting-started/presets#advanced
ts-jest[ts-jest-transformer] (WARN) Define `ts-jest` config under `globals` is deprecated. Please do
transform: {
    <transform_regex>: ['ts-jest', { /* ts-jest config goes here in Jest */ }],
},
See more at https://kulshekhar.github.io/ts-jest/docs/getting-started/presets#advanced
ts-jest[ts-jest-transformer] (WARN) Define `ts-jest` config under `globals` is deprecated. Please do
transform: {
    <transform_regex>: ['ts-jest', { /* ts-jest config goes here in Jest */ }],
},
See more at https://kulshekhar.github.io/ts-jest/docs/getting-started/presets#advanced
ts-jest[ts-jest-transformer] (WARN) Define `ts-jest` config under `globals` is deprecated. Please do
transform: {
    <transform_regex>: ['ts-jest', { /* ts-jest config goes here in Jest */ }],
},
See more at https://kulshekhar.github.io/ts-jest/docs/getting-started/presets#advanced
ts-jest[ts-jest-transformer] (WARN) Define `ts-jest` config under `globals` is deprecated. Please do
transform: {
    <transform_regex>: ['ts-jest', { /* ts-jest config goes here in Jest */ }],
},
See more at https://kulshekhar.github.io/ts-jest/docs/getting-started/presets#advanced
ts-jest[ts-jest-transformer] (WARN) Define `ts-jest` config under `globals` is deprecated. Please do
transform: {
    <transform_regex>: ['ts-jest', { /* ts-jest config goes here in Jest */ }],
},
See more at https://kulshekhar.github.io/ts-jest/docs/getting-started/presets#advanced
ts-jest[ts-jest-transformer] (WARN) Define `ts-jest` config under `globals` is deprecated. Please do
transform: {
    <transform_regex>: ['ts-jest', { /* ts-jest config goes here in Jest */ }],
},
See more at https://kulshekhar.github.io/ts-jest/docs/getting-started/presets#advanced
ts-jest[ts-jest-transformer] (WARN) Define `ts-jest` config under `globals` is deprecated. Please do
transform: {
    <transform_regex>: ['ts-jest', { /* ts-jest config goes here in Jest */ }],
},
See more at https://kulshekhar.github.io/ts-jest/docs/getting-started/presets#advanced
ts-jest[ts-jest-transformer] (WARN) Define `ts-jest` config under `globals` is deprecated. Please do
transform: {
    <transform_regex>: ['ts-jest', { /* ts-jest config goes here in Jest */ }],
},
See more at https://kulshekhar.github.io/ts-jest/docs/getting-started/presets#advanced
PASS api src/core/utils.spec.ts (8.391 s)
PASS api src/core/security/auth.service.spec.ts (9.178 s)
  ● Console

    console.log
      AwsCognitoConfig {
        enabled: true,
        aws_mandatory_sign_in: 'enable',
        oauth: {
          domain: 'lza-prod-fam-user-pool-domain.auth.ca-central-1.amazoncognito.com',
          scope: [ 'openid' ],
          redirectSignIn: 'http://localhost:4200/admin/search',
          redirectSignOut: 'http://localhost:4200/admin/not-authorized?loggedout=true',
          responseType: 'code'
        },
        federationTarget: 'COGNITO_USER_POOLS',
        aws_cognito_domain: 'lza-prod-fam-user-pool-domain',
        aws_cognito_region: 'ca-central-1',
        aws_user_pools_id: 'ca-central-1_UpeAqsYt4',
        aws_user_pools_web_client_id: '1iai0av52nvnjn7olurbi8unl0'
      }

      at new log (src/core/security/auth.service.ts:79:17)

    console.log
      jwksUri https://cognito-idp.ca-central-1.amazonaws.com/ca-central-1_UpeAqsYt4/.well-known/jwks.json

      at new log (src/core/security/auth.service.ts:81:17)

PASS api src/core/security/admin.guard.spec.ts (9.114 s)
PASS api src/core/dateTimeUtil.spec.ts (9.535 s)
PASS api src/app/modules/district/district.service.spec.ts (9.573 s)
PASS api src/app/modules/spatial-feature/feature-type-code.spec.ts (9.67 s)
PASS api src/app/modules/spatial-feature/spatial-feature.service.spec.ts (9.604 s)
PASS api src/core/client-app-integration/client-app-integration.service.spec.ts (10.205 s)
PASS api src/app/modules/external/projects-by-fsp/projects-by-fsp.service.spec.ts (10.153 s)
  ● Console

    console.error
      Object storage credentials not provided.

      10 | export function verifyObjectStorageConnection() {
      11 |     if (!process.env.OBJECT_STORAGE_ACCESS_ID || !process.env.OBJECT_STORAGE_SECRET) {
    > 12 |         console.error("Object storage credentials not provided.");
         |                 ^
      13 |         return;
      14 |     }
      15 |     minioClient.listBuckets(function(err, buckets) {

      at error (src/minio.ts:12:17)
      at Object.verifyObjectStorageConnection (src/minio.ts:25:1)
      at Object.require (src/app/modules/attachment/attachment.service.ts:8:1)
      at Object.require (src/app/modules/project/project.service.ts:4:1)
      at Object.require (src/app/modules/external/projects-by-fsp/projects-by-fsp.service.ts:7:1)
      at Object.<anonymous> (src/app/modules/external/projects-by-fsp/projects-by-fsp.service.spec.ts:4:1)

PASS api src/app/modules/submission/submission.service.spec.ts (10.462 s)
  ● Console

    console.error
      Object storage credentials not provided.

      10 | export function verifyObjectStorageConnection() {
      11 |     if (!process.env.OBJECT_STORAGE_ACCESS_ID || !process.env.OBJECT_STORAGE_SECRET) {
    > 12 |         console.error("Object storage credentials not provided.");
         |                 ^
      13 |         return;
      14 |     }
      15 |     minioClient.listBuckets(function(err, buckets) {

      at error (src/minio.ts:12:17)
      at Object.verifyObjectStorageConnection (src/minio.ts:25:1)
      at Object.require (src/app/modules/attachment/attachment.service.ts:8:1)
      at Object.require (src/app/modules/project/project.service.ts:4:1)
      at Object.require (src/app/modules/submission/submission.service.ts:14:1)
      at Object.<anonymous> (src/app/modules/submission/submission.service.spec.ts:2:1)

FAIL api src/app/modules/forest-client/forest-client.service.spec.ts (10.588 s)
  ● ForestClientService › batchClientDataRefresh › Should do data refresh when data returns and end data refreshing when subsequent call having no data fetched from Client API.

    TypeError: expect(...).toBeCalledTimes is not a function

      71 |       await service.batchClientDataRefresh();
      72 |       expect(fetchClientNonIndividualsSpy).toHaveBeenCalled();
    > 73 |       expect(fetchClientNonIndividualsSpy).toBeCalledTimes(stopAtPage + 1);
         |                                            ^
      74 |       expect(repositoryUpsertSpy).toHaveBeenCalled();
      75 |       expect(repositoryUpsertSpy).toBeCalledTimes(1*stopAtPage);
      76 |     });

      at src/app/modules/forest-client/forest-client.service.spec.ts:73:44
      at fulfilled (node_modules/tslib/tslib.js:167:62)

PASS api src/app/modules/project/public-notice.service.spec.ts (10.546 s)
  ● Console

    console.error
      Object storage credentials not provided.

      10 | export function verifyObjectStorageConnection() {
      11 |     if (!process.env.OBJECT_STORAGE_ACCESS_ID || !process.env.OBJECT_STORAGE_SECRET) {
    > 12 |         console.error("Object storage credentials not provided.");
         |                 ^
      13 |         return;
      14 |     }
      15 |     minioClient.listBuckets(function(err, buckets) {

      at error (src/minio.ts:12:17)
      at Object.verifyObjectStorageConnection (src/minio.ts:25:1)
      at Object.require (src/app/modules/attachment/attachment.service.ts:8:1)
      at Object.require (src/app/modules/project/project.service.ts:4:1)
      at Object.<anonymous> (src/app/modules/project/public-notice.service.spec.ts:1:1)

PASS api src/app/modules/analytics-dashboard/analytics-dashboard.controller.spec.ts (10.798 s)
  ● Console

    console.error
      Object storage credentials not provided.

      10 | export function verifyObjectStorageConnection() {
      11 |     if (!process.env.OBJECT_STORAGE_ACCESS_ID || !process.env.OBJECT_STORAGE_SECRET) {
    > 12 |         console.error("Object storage credentials not provided.");
         |                 ^
      13 |         return;
      14 |     }
      15 |     minioClient.listBuckets(function(err, buckets) {

      at error (src/minio.ts:12:17)
      at Object.verifyObjectStorageConnection (src/minio.ts:25:1)
      at Object.require (src/app/modules/attachment/attachment.service.ts:8:1)
      at Object.require (src/app/modules/project/project.service.ts:4:1)
      at Object.<anonymous> (src/app/modules/analytics-dashboard/analytics-dashboard.controller.spec.ts:2:1)

PASS api src/app/modules/project/project.service.spec.ts (10.822 s)
  ● Console

    console.error
      Object storage credentials not provided.

      10 | export function verifyObjectStorageConnection() {
      11 |     if (!process.env.OBJECT_STORAGE_ACCESS_ID || !process.env.OBJECT_STORAGE_SECRET) {
    > 12 |         console.error("Object storage credentials not provided.");
         |                 ^
      13 |         return;
      14 |     }
      15 |     minioClient.listBuckets(function(err, buckets) {

      at error (src/minio.ts:12:17)
      at Object.verifyObjectStorageConnection (src/minio.ts:25:1)
      at Object.require (src/app/modules/attachment/attachment.service.ts:8:1)
      at Object.require (src/app/modules/project/project.service.ts:4:1)
      at Object.<anonymous> (src/app/modules/project/project.service.spec.ts:4:1)

-------------------------------------------------------------------------|---------|----------|---------|---------|------------------------------------------------------------------------------------------------------------------
File                                                                     | % Stmts | % Branch | % Funcs | % Lines | Uncovered Line #s                                                                                                
-------------------------------------------------------------------------|---------|----------|---------|---------|------------------------------------------------------------------------------------------------------------------
All files                                                                |   13.75 |     8.58 |    5.09 |   13.27 |                                                                                                                  
 api                                                                     |       0 |      100 |     100 |       0 |                                                                                                                  
  jest.config.js                                                         |       0 |      100 |     100 |       0 | 1-4                                                                                                              
 api/dist/api/src                                                        |       0 |        0 |       0 |       0 |                                                                                                                  
  app-constants.js                                                       |       0 |      100 |     100 |       0 | 2-8                                                                                                              
  main.js                                                                |       0 |        0 |       0 |       0 | 2-185                                                                                                            
  minio.js                                                               |       0 |        0 |       0 |       0 | 2-24                                                                                                             
  ormconfig.js                                                           |       0 |        0 |     100 |       0 | 2-17                                                                                                             
 api/dist/api/src/app                                                    |       0 |        0 |       0 |       0 |                                                                                                                  
  app.module.js                                                          |       0 |        0 |       0 |       0 | 2-79                                                                                                             
 api/dist/api/src/app/factories                                          |       0 |      100 |       0 |       0 |                                                                                                                  
  mock-logger.factory.js                                                 |       0 |      100 |       0 |       0 | 2-29                                                                                                             
 api/dist/api/src/app/modules/analytics-dashboard                        |       0 |        0 |       0 |       0 |                                                                                                                  
  analytics-dashboard-data-filter.js                                     |       0 |        0 |       0 |       0 | 2-34                                                                                                             
  analytics-dashboard.controller.e2e-spec.js                             |       0 |      100 |       0 |       0 | 2-55                                                                                                             
  analytics-dashboard.controller.js                                      |       0 |      100 |       0 |       0 | 2-210                                                                                                            
  analytics-dashboard.controller.spec.js                                 |       0 |        0 |       0 |       0 | 2-34                                                                                                             
  analytics-dashboard.dto.js                                             |       0 |      100 |       0 |       0 | 2-36                                                                                                             
  analytics-dashboard.module.js                                          |       0 |      100 |     100 |       0 | 2-18                                                                                                             
 api/dist/api/src/app/modules/app-config                                 |       0 |        0 |       0 |       0 |                                                                                                                  
  app-config.module.js                                                   |       0 |      100 |     100 |       0 | 2-27                                                                                                             
  app-config.provider.js                                                 |       0 |        0 |       0 |       0 | 2-37                                                                                                             
  configuration.js                                                       |       0 |      100 |       0 |       0 | 2-31                                                                                                             
  database.configuration.js                                              |       0 |        0 |       0 |       0 | 2-4                                                                                                              
 api/dist/api/src/app/modules/attachment                                 |       0 |        0 |       0 |       0 |                                                                                                                  
  attachment-type-code.controller.js                                     |       0 |      100 |       0 |       0 | 2-36                                                                                                             
  attachment-type-code.entity.js                                         |       0 |        0 |       0 |       0 | 2-21                                                                                                             
  attachment-type-code.service.js                                        |       0 |      100 |       0 |       0 | 2-22                                                                                                             
  attachment.controller.js                                               |       0 |        0 |       0 |       0 | 2-140                                                                                                            
  attachment.dto.js                                                      |       0 |      100 |     100 |       0 | 2-39                                                                                                             
  attachment.entity.js                                                   |       0 |      100 |       0 |       0 | 2-46                                                                                                             
  attachment.module.js                                                   |       0 |      100 |     100 |       0 | 2-29                                                                                                             
  attachment.service.js                                                  |       0 |        0 |       0 |       0 | 2-241                                                                                                            
 api/dist/api/src/app/modules/district                                   |       0 |      100 |       0 |       0 |                                                                                                                  
  district.controller.js                                                 |       0 |      100 |       0 |       0 | 2-52                                                                                                             
  district.dto.js                                                        |       0 |      100 |     100 |       0 | 2-16                                                                                                             
  district.entity.js                                                     |       0 |      100 |       0 |       0 | 2-31                                                                                                             
  district.module.js                                                     |       0 |      100 |     100 |       0 | 2-20                                                                                                             
  district.service.js                                                    |       0 |      100 |       0 |       0 | 2-29                                                                                                             
  district.service.spec.js                                               |       0 |      100 |       0 |       0 | 2-22                                                                                                             
 api/dist/api/src/app/modules/external                                   |       0 |      100 |     100 |       0 |                                                                                                                  
  external.module.js                                                     |       0 |      100 |     100 |       0 | 2-16                                                                                                             
 api/dist/api/src/app/modules/external/projects-by-fsp                   |       0 |        0 |       0 |       0 |                                                                                                                  
  projects-by-fsp.controller.js                                          |       0 |        0 |       0 |       0 | 2-51                                                                                                             
  projects-by-fsp.dto.js                                                 |       0 |      100 |     100 |       0 | 2-25                                                                                                             
  projects-by-fsp.module.js                                              |       0 |      100 |     100 |       0 | 2-25                                                                                                             
  projects-by-fsp.service.js                                             |       0 |        0 |       0 |       0 | 2-60                                                                                                             
  projects-by-fsp.service.spec.js                                        |       0 |      100 |       0 |       0 | 2-120                                                                                                            
 api/dist/api/src/app/modules/forest-client                              |       0 |        0 |       0 |       0 |                                                                                                                  
  forest-client.controller.js                                            |       0 |      100 |       0 |       0 | 2-50                                                                                                             
  forest-client.dto.js                                                   |       0 |      100 |     100 |       0 | 2-16                                                                                                             
  forest-client.entity.js                                                |       0 |      100 |       0 |       0 | 2-27                                                                                                             
  forest-client.module.js                                                |       0 |      100 |     100 |       0 | 2-28                                                                                                             
  forest-client.service.js                                               |       0 |        0 |       0 |       0 | 2-77                                                                                                             
  forest-client.service.spec.js                                          |       0 |        0 |       0 |       0 | 2-112                                                                                                            
 api/dist/api/src/app/modules/interaction                                |       0 |        0 |       0 |       0 |                                                                                                                  
  interaction.controller.js                                              |       0 |        0 |       0 |       0 | 3-179                                                                                                            
  interaction.dto.js                                                     |       0 |        0 |       0 |       0 | 2-99                                                                                                             
  interaction.entity.js                                                  |       0 |      100 |       0 |       0 | 2-40                                                                                                             
  interaction.module.js                                                  |       0 |      100 |     100 |       0 | 2-30                                                                                                             
  interaction.service.js                                                 |       0 |        0 |       0 |       0 | 2-184                                                                                                            
 api/dist/api/src/app/modules/project                                    |       0 |        0 |       0 |       0 |                                                                                                                  
  project-auth.module.js                                                 |       0 |      100 |     100 |       0 | 2-20                                                                                                             
  project-auth.service.js                                                |       0 |        0 |       0 |       0 | 2-66                                                                                                             
  project-plan-code.entity.js                                            |       0 |        0 |       0 |       0 | 2-20                                                                                                             
  project.controller.js                                                  |       0 |        0 |       0 |       0 | 2-248                                                                                                            
  project.dto.js                                                         |       0 |        0 |       0 |       0 | 2-331                                                                                                            
  project.entity.js                                                      |       0 |      100 |       0 |       0 | 2-118                                                                                                            
  project.module.js                                                      |       0 |      100 |     100 |       0 | 2-42                                                                                                             
  project.service.js                                                     |       0 |        0 |       0 |       0 | 2-770                                                                                                            
  project.service.spec.js                                                |       0 |      100 |       0 |       0 | 2-292                                                                                                            
  public-notice.controller.js                                            |       0 |      100 |       0 |       0 | 2-116                                                                                                            
  public-notice.dto.js                                                   |       0 |      100 |     100 |       0 | 2-82                                                                                                             
  public-notice.entity.js                                                |       0 |      100 |       0 |       0 | 2-62                                                                                                             
  public-notice.service.js                                               |       0 |        0 |       0 |       0 | 2-195                                                                                                            
  public-notice.service.spec.js                                          |       0 |      100 |       0 |       0 | 2-293                                                                                                            
  workflow-state-code.controller.js                                      |       0 |      100 |       0 |       0 | 2-36                                                                                                             
  workflow-state-code.entity.js                                          |       0 |        0 |       0 |       0 | 2-24                                                                                                             
  workflow-state-code.service.js                                         |       0 |      100 |       0 |       0 | 2-22                                                                                                             
 api/dist/api/src/app/modules/public-comment                             |       0 |        0 |       0 |       0 |                                                                                                                  
  comment-scope-code.controller.js                                       |       0 |      100 |       0 |       0 | 2-36                                                                                                             
  comment-scope-code.entity.js                                           |       0 |        0 |       0 |       0 | 2-21                                                                                                             
  comment-scope-code.service.js                                          |       0 |      100 |       0 |       0 | 2-22                                                                                                             
  public-comment.controller.js                                           |       0 |      100 |       0 |       0 | 2-86                                                                                                             
  public-comment.dto.js                                                  |       0 |      100 |       0 |       0 | 2-188                                                                                                            
  public-comment.entity.js                                               |       0 |      100 |       0 |       0 | 2-98                                                                                                             
  public-comment.module.js                                               |       0 |      100 |     100 |       0 | 2-32                                                                                                             
  public-comment.service.js                                              |       0 |        0 |       0 |       0 | 2-273                                                                                                            
  response-code.controller.js                                            |       0 |      100 |       0 |       0 | 2-36                                                                                                             
  response-code.entity.js                                                |       0 |        0 |       0 |       0 | 2-21                                                                                                             
  response-code.service.js                                               |       0 |      100 |       0 |       0 | 2-22                                                                                                             
 api/dist/api/src/app/modules/spatial-feature                            |       0 |        0 |       0 |       0 |                                                                                                                  
  feature-type-code.js                                                   |       0 |      100 |       0 |       0 | 2-28                                                                                                             
  feature-type-code.spec.js                                              |       0 |      100 |       0 |       0 | 2-11                                                                                                             
  spatial-feature.controller.js                                          |       0 |        0 |       0 |       0 | 2-57                                                                                                             
  spatial-feature.dto.js                                                 |       0 |      100 |     100 |       0 | 2-94                                                                                                             
  spatial-feature.entity.js                                              |       0 |      100 |       0 |       0 | 2-67                                                                                                             
  spatial-feature.module.js                                              |       0 |      100 |     100 |       0 | 2-26                                                                                                             
  spatial-feature.service.js                                             |       0 |        0 |       0 |       0 | 2-95                                                                                                             
  spatial-feature.service.spec.js                                        |       0 |      100 |       0 |       0 | 2-22                                                                                                             
 api/dist/api/src/app/modules/submission                                 |       0 |        0 |       0 |       0 |                                                                                                                  
  cut-block.entity.js                                                    |       0 |      100 |       0 |       0 | 3-49                                                                                                             
  retention-area.entity.js                                               |       0 |      100 |       0 |       0 | 3-41                                                                                                             
  road-section.entity.js                                                 |       0 |      100 |       0 |       0 | 3-49                                                                                                             
  submission-type-code.controller.js                                     |       0 |      100 |       0 |       0 | 2-36                                                                                                             
  submission-type-code.entity.js                                         |       0 |        0 |       0 |       0 | 2-20                                                                                                             
  submission-type-code.service.js                                        |       0 |      100 |       0 |       0 | 2-22                                                                                                             
  submission.controller.js                                               |       0 |      100 |       0 |       0 | 2-71                                                                                                             
  submission.dto.js                                                      |       0 |        0 |       0 |       0 | 2-85                                                                                                             
  submission.entity.js                                                   |       0 |      100 |       0 |       0 | 2-56                                                                                                             
  submission.module.js                                                   |       0 |      100 |     100 |       0 | 2-32                                                                                                             
  submission.service.js                                                  |       0 |        0 |       0 |       0 | 2-548                                                                                                            
  submission.service.spec.js                                             |       0 |      100 |       0 |       0 | 2-43                                                                                                             
 api/dist/api/src/core                                                   |       0 |        0 |       0 |       0 |                                                                                                                  
  core.module.js                                                         |       0 |        0 |       0 |       0 | 3-20                                                                                                             
  dateTimeUtil.js                                                        |       0 |        0 |       0 |       0 | 2-64                                                                                                             
  dateTimeUtil.spec.js                                                   |       0 |      100 |       0 |       0 | 2-25                                                                                                             
  index.js                                                               |       0 |      100 |     100 |       0 | 2-8                                                                                                              
  utils.js                                                               |       0 |        0 |       0 |       0 | 2-47                                                                                                             
  utils.spec.js                                                          |       0 |      100 |       0 |       0 | 2-18                                                                                                             
 api/dist/api/src/core/client-app-integration                            |       0 |        0 |       0 |       0 |                                                                                                                  
  client-app-integration.dto.js                                          |       0 |      100 |     100 |       0 | 2-24                                                                                                             
  client-app-integration.module.js                                       |       0 |      100 |       0 |       0 | 2-34                                                                                                             
  client-app-integration.service.js                                      |       0 |        0 |       0 |       0 | 2-51                                                                                                             
  client-app-integration.service.spec.js                                 |       0 |        0 |       0 |       0 | 2-161                                                                                                            
 api/dist/api/src/core/controllers                                       |       0 |      100 |       0 |       0 |                                                                                                                  
  base-readonly.controller.js                                            |       0 |      100 |       0 |       0 | 2-22                                                                                                             
  code.controller.js                                                     |       0 |      100 |       0 |       0 | 2-27                                                                                                             
  index.js                                                               |       0 |      100 |     100 |       0 | 2-5                                                                                                              
 api/dist/api/src/core/dto                                               |       0 |      100 |     100 |       0 |                                                                                                                  
  code.dto.js                                                            |       0 |      100 |     100 |       0 | 2-16                                                                                                             
  index.js                                                               |       0 |      100 |     100 |       0 | 2-4                                                                                                              
 api/dist/api/src/core/entities                                          |       0 |      100 |       0 |       0 |                                                                                                                  
  base.entity.js                                                         |       0 |      100 |       0 |       0 | 2-39                                                                                                             
  code.entity.js                                                         |       0 |      100 |       0 |       0 | 2-27                                                                                                             
  index.js                                                               |       0 |      100 |     100 |       0 | 2-5                                                                                                              
 api/dist/api/src/core/mail                                              |       0 |        0 |       0 |       0 |                                                                                                                  
  mail.config.js                                                         |       0 |        0 |       0 |       0 | 2-23                                                                                                             
  mail.module.js                                                         |       0 |      100 |       0 |       0 | 2-29                                                                                                             
  mail.service.js                                                        |       0 |        0 |       0 |       0 | 2-38                                                                                                             
 api/dist/api/src/core/models                                            |       0 |        0 |       0 |       0 |                                                                                                                  
  code-table.service.js                                                  |       0 |      100 |       0 |       0 | 2-33                                                                                                             
  data-readonly.service.js                                               |       0 |        0 |       0 |       0 | 2-40                                                                                                             
  data.service.js                                                        |       0 |        0 |       0 |       0 | 2-167                                                                                                            
  index.js                                                               |       0 |      100 |     100 |       0 | 2-6                                                                                                              
 api/dist/api/src/core/security                                          |       0 |        0 |       0 |       0 |                                                                                                                  
  admin.guard.js                                                         |       0 |        0 |       0 |       0 | 2-19                                                                                                             
  admin.guard.spec.js                                                    |       0 |      100 |       0 |       0 | 2-30                                                                                                             
  auth.controller.js                                                     |       0 |      100 |       0 |       0 | 2-30                                                                                                             
  auth.guard.js                                                          |       0 |        0 |       0 |       0 | 2-73                                                                                                             
  auth.service.js                                                        |       0 |        0 |       0 |       0 | 2-144                                                                                                            
  auth.service.spec.js                                                   |       0 |        0 |       0 |       0 | 2-25                                                                                                             
  mock-user.factory.js                                                   |       0 |      100 |       0 |       0 | 2-26                                                                                                             
  security.module.js                                                     |       0 |      100 |     100 |       0 | 2-20                                                                                                             
 api/dist/api/src/e2e                                                    |       0 |        0 |       0 |       0 |                                                                                                                  
  app.e2e.spec.js                                                        |       0 |        0 |       0 |       0 | 2-92                                                                                                             
 api/dist/api/src/migrations                                             |       0 |      100 |     100 |       0 |                                                                                                                  
  ormconfig-migration-main.js                                            |       0 |      100 |     100 |       0 | 2-11                                                                                                             
  ormconfig-migration-test.js                                            |       0 |      100 |     100 |       0 | 2-11                                                                                                             
 api/dist/libs/utility/src/security                                      |       0 |        0 |       0 |       0 |                                                                                                                  
  user.js                                                                |       0 |        0 |       0 |       0 | 2-79                                                                                                             
 api/src                                                                 |    7.43 |    12.12 |    7.14 |    7.43 |                                                                                                                  
  app-constants.ts                                                       |     100 |      100 |     100 |     100 |                                                                                                                  
  main.ts                                                                |       0 |        0 |       0 |       0 | 1-195                                                                                                            
  minio.ts                                                               |   58.33 |       50 |      50 |   58.33 | 15-21                                                                                                            
  ormconfig.ts                                                           |       0 |        0 |     100 |       0 | 1-20                                                                                                             
 api/src/app                                                             |       0 |        0 |       0 |       0 |                                                                                                                  
  app.module.ts                                                          |       0 |        0 |       0 |       0 | 1-77                                                                                                             
 api/src/app/factories                                                   |     100 |      100 |      40 |     100 |                                                                                                                  
  mock-logger.factory.ts                                                 |     100 |      100 |      40 |     100 |                                                                                                                  
 api/src/app/modules/analytics-dashboard                                 |   39.04 |       50 |       8 |   41.05 |                                                                                                                  
  analytics-dashboard-data-filter.ts                                     |   61.53 |       50 |      25 |   61.53 | 16,30,43-46                                                                                                      
  analytics-dashboard.controller.e2e-spec.ts                             |       0 |      100 |       0 |       0 | 1-63                                                                                                             
  analytics-dashboard.controller.ts                                      |      60 |      100 |   11.11 |   57.89 | 66-67,94-95,121-122,152-153,181-182,210-211,239-240,273-274                                                      
  analytics-dashboard.dto.ts                                             |      90 |      100 |       0 |     100 |                                                                                                                  
  analytics-dashboard.module.ts                                          |       0 |      100 |     100 |       0 | 1-11                                                                                                             
 api/src/app/modules/app-config                                          |   16.66 |        0 |       0 |    12.5 |                                                                                                                  
  app-config.module.ts                                                   |       0 |      100 |     100 |       0 | 1-24                                                                                                             
  app-config.provider.ts                                                 |   35.71 |        0 |       0 |      25 | 15-38                                                                                                            
  configuration.ts                                                       |       0 |      100 |       0 |       0 | 1-32                                                                                                             
  database.configuration.ts                                              |       0 |        0 |       0 |       0 | 1-4                                                                                                              
 api/src/app/modules/attachment                                          |   20.43 |     3.17 |    2.12 |   19.52 |                                                                                                                  
  attachment-type-code.controller.ts                                     |       0 |      100 |       0 |       0 | 1-18                                                                                                             
  attachment-type-code.entity.ts                                         |      90 |      100 |      50 |    87.5 | 7                                                                                                                
  attachment-type-code.service.ts                                        |       0 |      100 |       0 |       0 | 1-15                                                                                                             
  attachment.controller.ts                                               |       0 |        0 |       0 |       0 | 1-123                                                                                                            
  attachment.dto.ts                                                      |     100 |      100 |     100 |     100 |                                                                                                                  
  attachment.entity.ts                                                   |   72.22 |      100 |       0 |   68.75 | 9,18,23,26,31                                                                                                    
  attachment.module.ts                                                   |       0 |      100 |     100 |       0 | 1-25                                                                                                             
  attachment.service.ts                                                  |   11.66 |        0 |       0 |   10.61 | 21-299                                                                                                           
 api/src/app/modules/district                                            |   49.01 |      100 |   33.33 |   48.83 |                                                                                                                  
  district.controller.ts                                                 |       0 |      100 |       0 |       0 | 1-25                                                                                                             
  district.dto.ts                                                        |     100 |      100 |     100 |     100 |                                                                                                                  
  district.entity.ts                                                     |     100 |      100 |     100 |     100 |                                                                                                                  
  district.module.ts                                                     |       0 |      100 |     100 |       0 | 1-14                                                                                                             
  district.service.ts                                                    |   73.33 |      100 |      50 |   69.23 | 20-24                                                                                                            
 api/src/app/modules/external                                            |       0 |      100 |     100 |       0 |                                                                                                                  
  external.module.ts                                                     |       0 |      100 |     100 |       0 | 1-13                                                                                                             
 api/src/app/modules/external/projects-by-fsp                            |   59.45 |    58.33 |   57.14 |   63.07 |                                                                                                                  
  projects-by-fsp.controller.ts                                          |       0 |        0 |       0 |       0 | 1-37                                                                                                             
  projects-by-fsp.dto.ts                                                 |     100 |      100 |     100 |     100 |                                                                                                                  
  projects-by-fsp.module.ts                                              |       0 |      100 |     100 |       0 | 1-18                                                                                                             
  projects-by-fsp.service.ts                                             |     100 |     87.5 |     100 |     100 | 52                                                                                                               
 api/src/app/modules/forest-client                                       |   53.48 |    16.66 |   45.45 |   53.94 |                                                                                                                  
  forest-client.controller.ts                                            |       0 |      100 |       0 |       0 | 1-29                                                                                                             
  forest-client.dto.ts                                                   |     100 |      100 |     100 |     100 |                                                                                                                  
  forest-client.entity.ts                                                |     100 |      100 |     100 |     100 |                                                                                                                  
  forest-client.module.ts                                                |       0 |      100 |     100 |       0 | 1-23                                                                                                             
  forest-client.service.ts                                               |   68.75 |    16.66 |   57.14 |   68.18 | 30-42,67-69,83-87                                                                                                
 api/src/app/modules/interaction                                         |   15.65 |        0 |    6.66 |   15.59 |                                                                                                                  
  interaction.controller.ts                                              |       0 |        0 |       0 |       0 | 1-183                                                                                                            
  interaction.dto.ts                                                     |   66.66 |        0 |      40 |   66.66 | 18,32-37,77-79                                                                                                   
  interaction.entity.ts                                                  |   91.66 |      100 |       0 |      90 | 7                                                                                                                
  interaction.module.ts                                                  |       0 |      100 |     100 |       0 | 1-24                                                                                                             
  interaction.service.ts                                                 |       0 |        0 |       0 |       0 | 1-180                                                                                                            
 api/src/app/modules/project                                             |   38.65 |    24.28 |   18.18 |   38.48 |                                                                                                                  
  project-auth.module.ts                                                 |       0 |      100 |     100 |       0 | 1-14                                                                                                             
  project-auth.service.ts                                                |   23.33 |        0 |       0 |   17.85 | 19-88                                                                                                            
  project-plan-code.entity.ts                                            |   88.88 |      100 |      50 |   85.71 | 7                                                                                                                
  project.controller.ts                                                  |       0 |        0 |       0 |       0 | 1-198                                                                                                            
  project.dto.ts                                                         |   92.77 |        0 |   33.33 |   92.77 | 53,58,82,275-277                                                                                                 
  project.entity.ts                                                      |   73.91 |      100 |    7.69 |   76.19 | 41,46,49,54,57,62,65,70,73,79                                                                                    
  project.module.ts                                                      |       0 |      100 |     100 |       0 | 1-38                                                                                                             
  project.service.ts                                                     |   26.76 |    26.69 |   20.93 |   26.55 | 45,51,54,58,61,64-69,122-124,130-133,140-150,156-161,199-322,327-523,552,557,562,570,577,583,591,598,603,633-965 
  public-notice.controller.ts                                            |       0 |      100 |       0 |       0 | 1-77                                                                                                             
  public-notice.dto.ts                                                   |     100 |      100 |     100 |     100 |                                                                                                                  
  public-notice.entity.ts                                                |      90 |      100 |   33.33 |   94.11 | 17                                                                                                               
  public-notice.service.ts                                               |   52.22 |    35.89 |   38.46 |   51.13 | 39-45,64-92,117,154-207                                                                                          
  workflow-state-code.controller.ts                                      |       0 |      100 |       0 |       0 | 1-18                                                                                                             
  workflow-state-code.entity.ts                                          |    92.3 |      100 |      50 |    90.9 | 7                                                                                                                
  workflow-state-code.service.ts                                         |       0 |      100 |       0 |       0 | 1-15                                                                                                             
 api/src/app/modules/public-comment                                      |   34.91 |     8.51 |       4 |   34.67 |                                                                                                                  
  comment-scope-code.controller.ts                                       |       0 |      100 |       0 |       0 | 1-18                                                                                                             
  comment-scope-code.entity.ts                                           |      90 |      100 |      50 |    87.5 | 7                                                                                                                
  comment-scope-code.service.ts                                          |       0 |      100 |       0 |       0 | 1-18                                                                                                             
  public-comment.controller.ts                                           |       0 |      100 |       0 |       0 | 1-57                                                                                                             
  public-comment.dto.ts                                                  |   97.77 |      100 |       0 |   97.77 | 114                                                                                                              
  public-comment.entity.ts                                               |   72.97 |      100 |       0 |   71.42 | 19,43,50,55,58,63,67,70,75,78                                                                                    
  public-comment.module.ts                                               |       0 |      100 |     100 |       0 | 1-26                                                                                                             
  public-comment.service.ts                                              |   12.38 |        0 |       0 |    10.9 | 29-387                                                                                                           
  response-code.controller.ts                                            |       0 |      100 |       0 |       0 | 1-18                                                                                                             
  response-code.entity.ts                                                |      90 |      100 |      50 |    87.5 | 7                                                                                                                
  response-code.service.ts                                               |       0 |      100 |       0 |       0 | 1-15                                                                                                             
 api/src/app/modules/spatial-feature                                     |   48.63 |        0 |   21.42 |   48.55 |                                                                                                                  
  feature-type-code.ts                                                   |     100 |      100 |     100 |     100 |                                                                                                                  
  spatial-feature.controller.ts                                          |       0 |        0 |       0 |       0 | 1-43                                                                                                             
  spatial-feature.dto.ts                                                 |     100 |      100 |     100 |     100 |                                                                                                                  
  spatial-feature.entity.ts                                              |   90.47 |      100 |       0 |   89.47 | 42,46                                                                                                            
  spatial-feature.module.ts                                              |       0 |      100 |     100 |       0 | 1-20                                                                                                             
  spatial-feature.service.ts                                             |   26.78 |        0 |   14.28 |   24.07 | 24-101                                                                                                           
 api/src/app/modules/submission                                          |   30.69 |    13.52 |   10.14 |   30.37 |                                                                                                                  
  cut-block.entity.ts                                                    |   76.47 |      100 |       0 |      80 | 18,36,41                                                                                                         
  retention-area.entity.ts                                               |   73.33 |      100 |       0 |   76.92 | 11,23,28                                                                                                         
  road-section.entity.ts                                                 |   76.47 |      100 |       0 |      80 | 18,36,41                                                                                                         
  submission-type-code.controller.ts                                     |       0 |      100 |       0 |       0 | 1-18                                                                                                             
  submission-type-code.entity.ts                                         |   88.88 |      100 |      50 |   85.71 | 7                                                                                                                
  submission-type-code.service.ts                                        |       0 |      100 |       0 |       0 | 1-15                                                                                                             
  submission.controller.ts                                               |       0 |      100 |       0 |       0 | 1-42                                                                                                             
  submission.dto.ts                                                      |     100 |      100 |     100 |     100 |                                                                                                                  
  submission.entity.ts                                                   |   65.51 |      100 |    9.09 |   73.91 | 22,26,31,34,37,40                                                                                                
  submission.module.ts                                                   |       0 |      100 |     100 |       0 | 1-26                                                                                                             
  submission.service.ts                                                  |   16.28 |    10.36 |    8.57 |    15.7 | 45-346,371,391-396,413-731                                                                                       
 api/src/core                                                            |    61.9 |    46.15 |   59.09 |   61.84 |                                                                                                                  
  core.module.ts                                                         |       0 |        0 |       0 |       0 | 1-14                                                                                                             
  dateTimeUtil.ts                                                        |   89.18 |    76.47 |     100 |   89.18 | 26,44,101,105                                                                                                    
  index.ts                                                               |     100 |      100 |     100 |     100 |                                                                                                                  
  utils.ts                                                               |      40 |     23.8 |   33.33 |   31.03 | 13-35,52-60                                                                                                      
 api/src/core/client-app-integration                                     |   72.72 |      100 |      70 |    77.5 |                                                                                                                  
  client-app-integration.dto.ts                                          |     100 |      100 |     100 |     100 |                                                                                                                  
  client-app-integration.module.ts                                       |       0 |      100 |       0 |       0 | 1-25                                                                                                             
  client-app-integration.service.ts                                      |   92.85 |      100 |    87.5 |   92.59 | 53-54                                                                                                            
 api/src/core/controllers                                                |   72.22 |      100 |       0 |   64.28 |                                                                                                                  
  base-readonly.controller.ts                                            |    62.5 |      100 |       0 |      50 | 9-17                                                                                                             
  code.controller.ts                                                     |      75 |      100 |       0 |   66.66 | 8,12                                                                                                             
  index.ts                                                               |     100 |      100 |     100 |     100 |                                                                                                                  
 api/src/core/dto                                                        |     100 |      100 |     100 |     100 |                                                                                                                  
  code.dto.ts                                                            |     100 |      100 |     100 |     100 |                                                                                                                  
  index.ts                                                               |     100 |      100 |     100 |     100 |                                                                                                                  
 api/src/core/entities                                                   |   69.56 |      100 |      25 |   69.56 |                                                                                                                  
  base.entity.ts                                                         |      75 |      100 |      50 |      75 | 21-24                                                                                                            
  code.entity.ts                                                         |   55.55 |      100 |       0 |   55.55 | 16-24                                                                                                            
  index.ts                                                               |     100 |      100 |     100 |     100 |                                                                                                                  
 api/src/core/mail                                                       |   20.68 |        0 |       0 |   17.39 |                                                                                                                  
  mail.config.ts                                                         |       0 |        0 |       0 |       0 | 2-18                                                                                                             
  mail.module.ts                                                         |       0 |      100 |       0 |       0 | 1-20                                                                                                             
  mail.service.ts                                                        |      40 |        0 |       0 |   33.33 | 8-27                                                                                                             
 api/src/core/models                                                     |   27.11 |        0 |    6.66 |   23.85 |                                                                                                                  
  code-table.service.ts                                                  |    37.5 |      100 |       0 |   30.76 | 22-51                                                                                                            
  data-readonly.service.ts                                               |      50 |        0 |      20 |   47.05 | 37-61                                                                                                            
  data.service.ts                                                        |   16.45 |        0 |    4.76 |   14.47 | 57-251                                                                                                           
  index.ts                                                               |     100 |      100 |     100 |     100 |                                                                                                                  
 api/src/core/security                                                   |      38 |    26.66 |   23.52 |   34.32 |                                                                                                                  
  admin.guard.ts                                                         |     100 |      100 |     100 |     100 |                                                                                                                  
  auth.controller.ts                                                     |       0 |      100 |       0 |       0 | 1-14                                                                                                             
  auth.guard.ts                                                          |    28.2 |        0 |       0 |   22.85 | 12-13,45-96                                                                                                      
  auth.service.ts                                                        |   54.41 |    16.66 |      50 |      50 | 30,94-136                                                                                                        
  mock-user.factory.ts                                                   |       0 |      100 |       0 |       0 | 1-24                                                                                                             
  security.module.ts                                                     |       0 |      100 |     100 |       0 | 1-15                                                                                                             
 api/src/e2e                                                             |       0 |        0 |       0 |       0 |                                                                                                                  
  app.e2e.spec.ts                                                        |       0 |        0 |       0 |       0 | 2-108                                                                                                            
 api/src/migrations                                                      |       0 |      100 |     100 |       0 |                                                                                                                  
  ormconfig-migration-main.ts                                            |       0 |      100 |     100 |       0 | 2-21                                                                                                             
  ormconfig-migration-test.ts                                            |       0 |      100 |     100 |       0 | 2-21                                                                                                             
 api/src/migrations/main                                                 |       0 |      100 |       0 |       0 |                                                                                                                  
  1613577521127-initialize-tables.js                                     |       0 |      100 |       0 |       0 | 1-594                                                                                                            
  1616014739471-district.js                                              |       0 |      100 |       0 |       0 | 1-39                                                                                                             
  1616015261635-forestClient.js                                          |       0 |      100 |       0 |       0 | 1-22488                                                                                                          
  1629154020264-feature-centroid.js                                      |       0 |      100 |       0 |       0 | 1-47                                                                                                             
  1635437500519-project-addColumn-commentClassificationMandatory.js      |       0 |      100 |       0 |       0 | 1-20                                                                                                             
  1637356787852-responseCode-changeDescription.js                        |       0 |      100 |       0 |       0 | 1-16                                                                                                             
  1639180924469-forestClientTypesNonCNonI.js                             |       0 |      100 |       0 |       0 | 1-5552                                                                                                           
  1643935525393-forestClientNumber8Characters.js                         |       0 |      100 |       0 |       0 | 1-27                                                                                                             
  1646848498456-public-notice-table.js                                   |       0 |      100 |       0 |       0 | 1-54                                                                                                             
  1651596845339-update-districts.js                                      |       0 |      100 |       0 |       0 | 1-8                                                                                                              
  1661461702043-public-notice-addColumn-operationYears.js                |       0 |      100 |       0 |       0 | 1-28                                                                                                             
  1687288209602-transfer-operationYears-from-public-notice-to-project.js |       0 |      100 |       0 |       0 | 1-43                                                                                                             
  1687301343450-public-notice-post-date.js                               |       0 |      100 |       0 |       0 | 1-36                                                                                                             
  1698445357799-project-addColumn-bctsManagerName.js                     |       0 |      100 |       0 |       0 | 1-20                                                                                                             
  1718643595423-simplify-spatial-geometry.js                             |       0 |      100 |       0 |       0 | 1-22                                                                                                             
  1719525022462-cascades-district-email-update.js                        |       0 |      100 |       0 |       0 | 1-7                                                                                                              
  1721691825980-project-plan-table.js                                    |       0 |      100 |       0 |       0 | 1-61                                                                                                             
  1774459388097-mile-house-district-email-update.js                      |       0 |      100 |       0 |       0 | 2-8                                                                                                              
 api/src/migrations/test                                                 |       0 |        0 |       0 |       0 |                                                                                                                  
  1616434875304-testData.js                                              |       0 |        0 |       0 |       0 | 1-297                                                                                                            
  1622816944698-largevolume.js                                           |       0 |      100 |       0 |       0 | 2-56496                                                                                                          
  1646848536366-public-notice-data.js                                    |       0 |      100 |       0 |       0 | 1-27                                                                                                             
  1661984286473-operations-years-data.js                                 |       0 |      100 |       0 |       0 | 1-15                                                                                                             
 api/src/perftest                                                        |       0 |        0 |       0 |       0 |                                                                                                                  
  generate-data.js                                                       |       0 |        0 |       0 |       0 | 18-129                                                                                                           
-------------------------------------------------------------------------|---------|----------|---------|---------|------------------------------------------------------------------------------------------------------------------

Test Suites: 1 failed, 13 passed, 14 total
Tests:       1 failed, 78 passed, 79 total
Snapshots:   0 total
Time:        25.175 s
Ran all test suites.
